Traceback (most recent call last):
  File "C:\Users\adamk\Desktop\newvs\.work\horus-site\test_e1_c2.py", line 193, in <module>
    result = asyncio.run(test_today_view_desktop())
             ^^^^^^^^^^^^^^^^^^^^^^^^^^^^^^^^^^^^^^
  File "C:\Users\adamk\AppData\Local\Programs\Python\Python312\Lib\asyncio\runners.py", line 195, in run
    return runner.run(main)
           ^^^^^^^^^^^^^^^^
  File "C:\Users\adamk\AppData\Local\Programs\Python\Python312\Lib\asyncio\runners.py", line 118, in run
    return self._loop.run_until_complete(task)
           ^^^^^^^^^^^^^^^^^^^^^^^^^^^^^^^^^^^
  File "C:\Users\adamk\AppData\Local\Programs\Python\Python312\Lib\asyncio\base_events.py", line 691, in run_until_complete
    return future.result()
           ^^^^^^^^^^^^^^^
  File "C:\Users\adamk\Desktop\newvs\.work\horus-site\test_e1_c2.py", line 37, in test_today_view_desktop
    await page.evaluate("localStorage.clear()")
  File "C:\Users\adamk\AppData\Local\Programs\Python\Python312\Lib\site-packages\playwright\async_api\_generated.py", line 8567, in evaluate
    await self._impl_obj.evaluate(
  File "C:\Users\adamk\AppData\Local\Programs\Python\Python312\Lib\site-packages\playwright\_impl\_page.py", line 464, in evaluate
    return await self._main_frame.evaluate(expression, arg)
           ^^^^^^^^^^^^^^^^^^^^^^^^^^^^^^^^^^^^^^^^^^^^^^^^
  File "C:\Users\adamk\AppData\Local\Programs\Python\Python312\Lib\site-packages\playwright\_impl\_frame.py", line 320, in evaluate
    await self._channel.send(
  File "C:\Users\adamk\AppData\Local\Programs\Python\Python312\Lib\site-packages\playwright\_impl\_connection.py", line 69, in send
    return await self._connection.wrap_api_call(
           ^^^^^^^^^^^^^^^^^^^^^^^^^^^^^^^^^^^^^
  File "C:\Users\adamk\AppData\Local\Programs\Python\Python312\Lib\site-packages\playwright\_impl\_connection.py", line 559, in wrap_api_call
    raise rewrite_error(error, f"{parsed_st['apiName']}: {error}") from None
playwright._impl._errors.Error: Page.evaluate: SecurityError: Failed to read the 'localStorage' property from 'Window': Access is denied for this document.
    at eval (<anonymous>)
    at UtilityScript.evaluate (<anonymous>:290:30)
    at UtilityScript.<anonymous> (<anonymous>:1:44)
